Starting static server…
Serving /Users/mahfujmustafa/Documents/stafawashere.github.io at http://127.0.0.1:8080/
Launching Chrome for Testing…
Browser: Chrome/131.0.6778.204

[F5 sweep] glint ON  @ 1× CPU
.....
[F5 sweep] glint OFF @ 1× CPU
.....

[F5 sweep] glint ON  @ 4× CPU
.....
[F5 sweep] glint OFF @ 4× CPU
.....

[F5 boot] @ 1× CPU
.....

[F5 boot] @ 4× CPU
.....

[F4 open] @ 1× CPU
.....

[F4 close] @ 1× CPU
.....

[F4 worst] @ 1× CPU
.....

[F4 double] @ 1× CPU
.....

[F4 open] @ 4× CPU
.....

[F4 close] @ 4× CPU
.....

[F4 worst] @ 4× CPU
.....

[F4 double] @ 4× CPU
.....
Wrote perf/RESULTS.md

All scenarios collected. See perf/RESULTS.md
